<html>
<body>
<pre>
<h1>µVision Build Log</h1>
<h2>Tool Versions:</h2>
IDE-Version: µVision V5.25.2.0
Copyright (C) 2018 ARM Ltd and ARM Germany GmbH. All rights reserved.
License Information: Khoa Tran, KhanhKhoa, LIC=----
 
Tool Versions:
Toolchain:       MDK-Lite  Version: 5.25.2.0
Toolchain Path:  C:\Keil_v5\ARM\ARMCC\Bin
C Compiler:      Armcc.exe V5.06 update 6 (build 750)
Assembler:       Armasm.exe V5.06 update 6 (build 750)
Linker/Locator:  ArmLink.exe V5.06 update 6 (build 750)
Library Manager: ArmAr.exe V5.06 update 6 (build 750)
Hex Converter:   FromElf.exe V5.06 update 6 (build 750)
CPU DLL:         SARMCM3.DLL V5.25.2.0
Dialog DLL:      DCM.DLL V1.17.1.0
Target DLL:      STLink\ST-LINKIII-KEIL_SWO.dll V3.0.1.0
Dialog DLL:      TCM.DLL V1.35.1.0
 
<h2>Project:</h2>
D:\STM32\Canh_tay_robot_mini\Canh_tay_robot_mini.uvprojx
Project File Date:  04/22/2018

<h2>Output:</h2>
*** Using Compiler 'V5.06 update 6 (build 750)', folder: 'C:\Keil_v5\ARM\ARMCC\Bin'
Rebuild target 'Target 1'
compiling I2C.c...
compiling LiquidCrystal_I2C.c...
..\Library_STM32f103\LiquidCrystal_I2C\LiquidCrystal_I2C.h(76): warning:  #1295-D: Deprecated declaration LCDI2C_clear - give arg types
    void LCDI2C_clear();
..\Library_STM32f103\LiquidCrystal_I2C\LiquidCrystal_I2C.h(77): warning:  #1295-D: Deprecated declaration LCDI2C_home - give arg types
    void LCDI2C_home();
..\Library_STM32f103\LiquidCrystal_I2C\LiquidCrystal_I2C.h(78): warning:  #1295-D: Deprecated declaration LCDI2C_noDisplay - give arg types
    void LCDI2C_noDisplay();
..\Library_STM32f103\LiquidCrystal_I2C\LiquidCrystal_I2C.h(79): warning:  #1295-D: Deprecated declaration LCDI2C_display - give arg types
    void LCDI2C_display();
..\Library_STM32f103\LiquidCrystal_I2C\LiquidCrystal_I2C.h(80): warning:  #1295-D: Deprecated declaration LCDI2C_noBlink - give arg types
    void LCDI2C_noBlink();
..\Library_STM32f103\LiquidCrystal_I2C\LiquidCrystal_I2C.h(81): warning:  #1295-D: Deprecated declaration LCDI2C_blink - give arg types
    void LCDI2C_blink();
..\Library_STM32f103\LiquidCrystal_I2C\LiquidCrystal_I2C.h(82): warning:  #1295-D: Deprecated declaration LCDI2C_noCursor - give arg types
    void LCDI2C_noCursor();
..\Library_STM32f103\LiquidCrystal_I2C\LiquidCrystal_I2C.h(83): warning:  #1295-D: Deprecated declaration LCDI2C_cursor - give arg types
    void LCDI2C_cursor();
..\Library_STM32f103\LiquidCrystal_I2C\LiquidCrystal_I2C.h(84): warning:  #1295-D: Deprecated declaration LCDI2C_scrollDisplayLeft - give arg types
    void LCDI2C_scrollDisplayLeft();
..\Library_STM32f103\LiquidCrystal_I2C\LiquidCrystal_I2C.h(85): warning:  #1295-D: Deprecated declaration LCDI2C_scrollDisplayRight - give arg types
    void LCDI2C_scrollDisplayRight();
..\Library_STM32f103\LiquidCrystal_I2C\LiquidCrystal_I2C.h(86): warning:  #1295-D: Deprecated declaration LCDI2C_printLeft - give arg types
    void LCDI2C_printLeft();
..\Library_STM32f103\LiquidCrystal_I2C\LiquidCrystal_I2C.h(87): warning:  #1295-D: Deprecated declaration LCDI2C_printRight - give arg types
    void LCDI2C_printRight();
..\Library_STM32f103\LiquidCrystal_I2C\LiquidCrystal_I2C.h(88): warning:  #1295-D: Deprecated declaration LCDI2C_leftToRight - give arg types
    void LCDI2C_leftToRight();
..\Library_STM32f103\LiquidCrystal_I2C\LiquidCrystal_I2C.h(89): warning:  #1295-D: Deprecated declaration LCDI2C_rightToLeft - give arg types
    void LCDI2C_rightToLeft();
..\Library_STM32f103\LiquidCrystal_I2C\LiquidCrystal_I2C.h(90): warning:  #1295-D: Deprecated declaration LCDI2C_shiftIncrement - give arg types
    void LCDI2C_shiftIncrement();
..\Library_STM32f103\LiquidCrystal_I2C\LiquidCrystal_I2C.h(91): warning:  #1295-D: Deprecated declaration LCDI2C_shiftDecrement - give arg types
    void LCDI2C_shiftDecrement();
..\Library_STM32f103\LiquidCrystal_I2C\LiquidCrystal_I2C.h(92): warning:  #1295-D: Deprecated declaration LCDI2C_noBacklight - give arg types
    void LCDI2C_noBacklight();
..\Library_STM32f103\LiquidCrystal_I2C\LiquidCrystal_I2C.h(93): warning:  #1295-D: Deprecated declaration LCDI2C_backlight - give arg types
    void LCDI2C_backlight();
..\Library_STM32f103\LiquidCrystal_I2C\LiquidCrystal_I2C.h(94): warning:  #1295-D: Deprecated declaration LCDI2C_autoscroll - give arg types
    void LCDI2C_autoscroll();
..\Library_STM32f103\LiquidCrystal_I2C\LiquidCrystal_I2C.h(95): warning:  #1295-D: Deprecated declaration LCDI2C_noAutoscroll - give arg types
    void LCDI2C_noAutoscroll();
..\Library_STM32f103\LiquidCrystal_I2C\LiquidCrystal_I2C.h(103): warning:  #1295-D: Deprecated declaration LCDI2C_blink_on - give arg types
  void LCDI2C_blink_on();						// alias for blink()
..\Library_STM32f103\LiquidCrystal_I2C\LiquidCrystal_I2C.h(104): warning:  #1295-D: Deprecated declaration LCDI2C_blink_off - give arg types
  void LCDI2C_blink_off();       					// alias for noBlink()
..\Library_STM32f103\LiquidCrystal_I2C\LiquidCrystal_I2C.h(105): warning:  #1295-D: Deprecated declaration LCDI2C_cursor_on - give arg types
  void LCDI2C_cursor_on();      	 					// alias for cursor()
..\Library_STM32f103\LiquidCrystal_I2C\LiquidCrystal_I2C.h(106): warning:  #1295-D: Deprecated declaration LCDI2C_cursor_off - give arg types
  void LCDI2C_cursor_off();      					// alias for noCursor()
..\Library_STM32f103\LiquidCrystal_I2C\LiquidCrystal_I2C.c(48): warning:  #223-D: function "init_I2C1" declared implicitly
    init_I2C1(); // Wire.begin();
..\Library_STM32f103\LiquidCrystal_I2C\LiquidCrystal_I2C.c(231): warning:  #223-D: function "I2C_StartTransmission" declared implicitly
  	I2C_StartTransmission (I2C1, I2C_Direction_Transmitter, lcdi2c.Addr); //Wire.beginTransmission(_Addr);
..\Library_STM32f103\LiquidCrystal_I2C\LiquidCrystal_I2C.c(232): warning:  #223-D: function "I2C_WriteData" declared implicitly
  	I2C_WriteData(I2C1, (int)(_data) | lcdi2c.backlightval);  //printIIC((int)(_data) | _backlightval);
..\Library_STM32f103\LiquidCrystal_I2C\LiquidCrystal_I2C.c: 27 warnings, 0 errors
compiling main.c...
..\Library_STM32f103\LiquidCrystal_I2C\LiquidCrystal_I2C.h(76): warning:  #1295-D: Deprecated declaration LCDI2C_clear - give arg types
    void LCDI2C_clear();
..\Library_STM32f103\LiquidCrystal_I2C\LiquidCrystal_I2C.h(77): warning:  #1295-D: Deprecated declaration LCDI2C_home - give arg types
    void LCDI2C_home();
..\Library_STM32f103\LiquidCrystal_I2C\LiquidCrystal_I2C.h(78): warning:  #1295-D: Deprecated declaration LCDI2C_noDisplay - give arg types
    void LCDI2C_noDisplay();
..\Library_STM32f103\LiquidCrystal_I2C\LiquidCrystal_I2C.h(79): warning:  #1295-D: Deprecated declaration LCDI2C_display - give arg types
    void LCDI2C_display();
..\Library_STM32f103\LiquidCrystal_I2C\LiquidCrystal_I2C.h(80): warning:  #1295-D: Deprecated declaration LCDI2C_noBlink - give arg types
    void LCDI2C_noBlink();
..\Library_STM32f103\LiquidCrystal_I2C\LiquidCrystal_I2C.h(81): warning:  #1295-D: Deprecated declaration LCDI2C_blink - give arg types
    void LCDI2C_blink();
..\Library_STM32f103\LiquidCrystal_I2C\LiquidCrystal_I2C.h(82): warning:  #1295-D: Deprecated declaration LCDI2C_noCursor - give arg types
    void LCDI2C_noCursor();
..\Library_STM32f103\LiquidCrystal_I2C\LiquidCrystal_I2C.h(83): warning:  #1295-D: Deprecated declaration LCDI2C_cursor - give arg types
    void LCDI2C_cursor();
..\Library_STM32f103\LiquidCrystal_I2C\LiquidCrystal_I2C.h(84): warning:  #1295-D: Deprecated declaration LCDI2C_scrollDisplayLeft - give arg types
    void LCDI2C_scrollDisplayLeft();
..\Library_STM32f103\LiquidCrystal_I2C\LiquidCrystal_I2C.h(85): warning:  #1295-D: Deprecated declaration LCDI2C_scrollDisplayRight - give arg types
    void LCDI2C_scrollDisplayRight();
..\Library_STM32f103\LiquidCrystal_I2C\LiquidCrystal_I2C.h(86): warning:  #1295-D: Deprecated declaration LCDI2C_printLeft - give arg types
    void LCDI2C_printLeft();
..\Library_STM32f103\LiquidCrystal_I2C\LiquidCrystal_I2C.h(87): warning:  #1295-D: Deprecated declaration LCDI2C_printRight - give arg types
    void LCDI2C_printRight();
..\Library_STM32f103\LiquidCrystal_I2C\LiquidCrystal_I2C.h(88): warning:  #1295-D: Deprecated declaration LCDI2C_leftToRight - give arg types
    void LCDI2C_leftToRight();
..\Library_STM32f103\LiquidCrystal_I2C\LiquidCrystal_I2C.h(89): warning:  #1295-D: Deprecated declaration LCDI2C_rightToLeft - give arg types
    void LCDI2C_rightToLeft();
..\Library_STM32f103\LiquidCrystal_I2C\LiquidCrystal_I2C.h(90): warning:  #1295-D: Deprecated declaration LCDI2C_shiftIncrement - give arg types
    void LCDI2C_shiftIncrement();
..\Library_STM32f103\LiquidCrystal_I2C\LiquidCrystal_I2C.h(91): warning:  #1295-D: Deprecated declaration LCDI2C_shiftDecrement - give arg types
    void LCDI2C_shiftDecrement();
..\Library_STM32f103\LiquidCrystal_I2C\LiquidCrystal_I2C.h(92): warning:  #1295-D: Deprecated declaration LCDI2C_noBacklight - give arg types
    void LCDI2C_noBacklight();
..\Library_STM32f103\LiquidCrystal_I2C\LiquidCrystal_I2C.h(93): warning:  #1295-D: Deprecated declaration LCDI2C_backlight - give arg types
    void LCDI2C_backlight();
..\Library_STM32f103\LiquidCrystal_I2C\LiquidCrystal_I2C.h(94): warning:  #1295-D: Deprecated declaration LCDI2C_autoscroll - give arg types
    void LCDI2C_autoscroll();
..\Library_STM32f103\LiquidCrystal_I2C\LiquidCrystal_I2C.h(95): warning:  #1295-D: Deprecated declaration LCDI2C_noAutoscroll - give arg types
    void LCDI2C_noAutoscroll();
..\Library_STM32f103\LiquidCrystal_I2C\LiquidCrystal_I2C.h(103): warning:  #1295-D: Deprecated declaration LCDI2C_blink_on - give arg types
  void LCDI2C_blink_on();						// alias for blink()
..\Library_STM32f103\LiquidCrystal_I2C\LiquidCrystal_I2C.h(104): warning:  #1295-D: Deprecated declaration LCDI2C_blink_off - give arg types
  void LCDI2C_blink_off();       					// alias for noBlink()
..\Library_STM32f103\LiquidCrystal_I2C\LiquidCrystal_I2C.h(105): warning:  #1295-D: Deprecated declaration LCDI2C_cursor_on - give arg types
  void LCDI2C_cursor_on();      	 					// alias for cursor()
..\Library_STM32f103\LiquidCrystal_I2C\LiquidCrystal_I2C.h(106): warning:  #1295-D: Deprecated declaration LCDI2C_cursor_off - give arg types
  void LCDI2C_cursor_off();      					// alias for noCursor()
main.c(729): warning:  #1-D: last line of file ends without a newline
  }
main.c: 25 warnings, 0 errors
compiling delay.c...
compiling misc.c...
compiling stm32f10x_dma.c...
compiling stm32f10x_adc.c...
compiling stm32f10x_gpio.c...
compiling stm32f10x_i2c.c...
compiling stm32f10x_rcc.c...
assembling startup_stm32f10x_md.s...
compiling stm32f10x_usart.c...
compiling stm32f10x_tim.c...
compiling system_stm32f10x.c...
linking...
Program Size: Code=10760 RO-data=284 RW-data=180 ZI-data=1772  
FromELF: creating hex file...
".\Objects\Canh_tay_robot_mini.axf" - 0 Error(s), 52 Warning(s).

<h2>Software Packages used:</h2>

Package Vendor: ARM
                http://www.keil.com/pack/ARM.CMSIS.5.3.0.pack
                ARM.CMSIS.5.3.0
                CMSIS (Cortex Microcontroller Software Interface Standard)
   * Component: CORE Version: 5.1.1

Package Vendor: Keil
                http://www.keil.com/pack/Keil.STM32F1xx_DFP.2.2.0.pack
                Keil.STM32F1xx_DFP.2.2.0
                STMicroelectronics STM32F1 Series Device Support, Drivers and Examples
   * Component: Startup Version: 1.0.0
   * Component: ADC Version: 3.5.0
   * Component: Framework Version: 3.5.1
   * Component: GPIO Version: 3.5.0
   * Component: I2C Version: 3.5.0
   * Component: RCC Version: 3.5.0
   * Component: TIM Version: 3.5.0
   * Component: USART Version: 3.5.0

<h2>Collection of Component include folders:</h2>
  .\RTE\Device\STM32F103C8
  .\RTE\_Target_1
  C:\Keil_v5\ARM\PACK\ARM\CMSIS\5.3.0\CMSIS\Include
  C:\Keil_v5\ARM\PACK\Keil\STM32F1xx_DFP\2.2.0\Device\Include
  C:\Keil_v5\ARM\PACK\Keil\STM32F1xx_DFP\2.2.0\Device\StdPeriph_Driver\inc

<h2>Collection of Component Files used:</h2>

   * Component: ARM::CMSIS:CORE:5.1.1

   * Component: Keil::Device:Startup:1.0.0
      Source file:   Device\Source\system_stm32f10x.c
      Include file:  RTE_Driver\Config\RTE_Device.h
      Source file:   Device\Source\ARM\startup_stm32f10x_md.s
      Source file:   Device\Source\ARM\STM32F1xx_OPT.s

   * Component: Keil::Device:StdPeriph Drivers:ADC:3.5.0
      Include file:  Device\StdPeriph_Driver\inc\stm32f10x_adc.h
      Source file:   Device\StdPeriph_Driver\src\stm32f10x_adc.c

   * Component: Keil::Device:StdPeriph Drivers:Framework:3.5.1
      Include file:  Device\StdPeriph_Driver\inc\misc.h
      Source file:   Device\StdPeriph_Driver\src\misc.c
      Source file:   Device\StdPeriph_Driver\templates\stm32f10x_conf.h
      Include file:  Device\StdPeriph_Driver\templates\stm32f10x_it.h
      Source file:   Device\StdPeriph_Driver\templates\stm32f10x_it.c

   * Component: Keil::Device:StdPeriph Drivers:GPIO:3.5.0
      Include file:  Device\StdPeriph_Driver\inc\stm32f10x_gpio.h
      Source file:   Device\StdPeriph_Driver\src\stm32f10x_gpio.c

   * Component: Keil::Device:StdPeriph Drivers:I2C:3.5.0
      Source file:   Device\StdPeriph_Driver\src\stm32f10x_i2c.c
      Include file:  Device\StdPeriph_Driver\inc\stm32f10x_i2c.h

   * Component: Keil::Device:StdPeriph Drivers:RCC:3.5.0
      Source file:   Device\StdPeriph_Driver\src\stm32f10x_rcc.c
      Include file:  Device\StdPeriph_Driver\inc\stm32f10x_rcc.h

   * Component: Keil::Device:StdPeriph Drivers:TIM:3.5.0
      Source file:   Device\StdPeriph_Driver\src\stm32f10x_tim.c
      Include file:  Device\StdPeriph_Driver\inc\stm32f10x_tim.h

   * Component: Keil::Device:StdPeriph Drivers:USART:3.5.0
      Source file:   Device\StdPeriph_Driver\src\stm32f10x_usart.c
      Include file:  Device\StdPeriph_Driver\inc\stm32f10x_usart.h
Build Time Elapsed:  00:00:11
</pre>
</body>
</html>
